HI-TECH Software C Compiler 

Linker command line:

--edf=C:\Program Files\HI-TECH Software\PICC\9.83\dat\en_msgs.txt -cs \
  -h+LCD 0-99 WITH SWITCH.sym -z -Q16F877A -ol.obj \
  -MLCD 0-99 WITH SWITCH.map -E1 -ACONST=00h-0FFhx32 -ACODE=00h-07FFhx4 \
  -ASTRCODE=00h-01FFFh -AENTRY=00h-0FFhx32 -ASTRING=00h-0FFhx32 \
  -ABANK0=020h-06Fh -ABANK1=0A0h-0EFh -ABANK2=0110h-016Fh \
  -ABANK3=0190h-01EFh -ARAM=020h-06Fh,0A0h-0EFh,0110h-016Fh,0190h-01EFh \
  -AABS1=020h-07Fh,0A0h-0EFh,0110h-016Fh,0190h-01EFh -ACOMMON=070h-07Fh \
  -ASFR0=00h-01Fh -ASFR1=080h-09Fh -ASFR2=0100h-010Fh -ASFR3=0180h-018Fh \
  -preset_vec=00h,intentry,init,end_init -ppowerup=CODE -pfunctab=CODE \
  -ACONFIG=02007h-02007h -pconfig=CONFIG -DCONFIG=2 -AIDLOC=02000h-02003h \
  -pidloc=IDLOC -DIDLOC=2 -AEEDATA=00h-0FFh/02100h -peeprom_data=EEDATA \
  -DEEDATA=2 -DCODE=2 -DSTRCODE=2 -DSTRING=2 -DCONST=2 -DENTRY=2 -k \
  startup.obj LCD 0-99 WITH SWITCH.obj 

Object code version is 3.10

Machine type is 16F877A



                Name                               Link     Load   Length Selector   Space Scale
startup.obj     end_init                              0        0        3        0       0
LCD 0-99 WITH SWITCH.obj
                config                             2007     2007        1     400E       0
                text198                             78C      78C       74      F18       0
                text197                             726      726       66      E4C       0
                text196                             626      626       2F      C4C       0
                text195                             655      655       2F      CAA       0
                text194                             605      605       21      C0A       0
                text193                             5F2      5F2       13      BE4       0
                text192                             684      684       47      D08       0
                maintext                            6CB      6CB       5B      D96       0
                cstackBANK0                          20       20        6       20       1
                cstackCOMMON                         70       70        D       70       1
                cinit                               5EE      5EE        4      BDC       0
                strings                               3        3       10        6       0

TOTAL           Name                               Link     Load   Length     Space
        CLASS   CONST          

        CLASS   CODE           
                end_init                              0        0        3         0
                text198                             78C      78C       74         0
                text197                             726      726       66         0
                text196                             626      626       2F         0
                text195                             655      655       2F         0
                text194                             605      605       21         0
                text193                             5F2      5F2       13         0
                text192                             684      684       47         0
                maintext                            6CB      6CB       5B         0
                cinit                               5EE      5EE        4         0

        CLASS   STRCODE        

        CLASS   ENTRY          

        CLASS   STRING         
                strings                               3        3       10         0

        CLASS   BANK0          
                cstackBANK0                          20       20        6         1

        CLASS   BANK1          

        CLASS   BANK2          

        CLASS   BANK3          

        CLASS   RAM            

        CLASS   ABS1           
                abs_s1                               7E       7E        2         1

        CLASS   COMMON         
                cstackCOMMON                         70       70        D         1

        CLASS   SFR0           

        CLASS   SFR1           

        CLASS   SFR2           

        CLASS   SFR3           

        CLASS   CONFIG         
                config                             2007     2007        1         0

        CLASS   IDLOC          

        CLASS   EEDATA         



SEGMENTS        Name                           Load    Length   Top    Selector   Space  Class     Delta

                reset_vec                      000000  000003  000003         0       0  CODE        2
                strings                        000003  000010  000013         6       0  STRING      2
                cstackBANK0                    000020  000006  000026        20       1  BANK0       1
                cstackCOMMON                   000070  00000D  00007D        70       1  COMMON      1
                cinit                          0005EE  000004  0005F2       BDC       0  CODE        2
                text193                        0005F2  000013  000605       BE4       0  CODE        2
                text194                        000605  000021  000626       C0A       0  CODE        2
                text196                        000626  00002F  000655       C4C       0  CODE        2
                text195                        000655  00002F  000684       CAA       0  CODE        2
                text192                        000684  000047  0006CB       D08       0  CODE        2
                maintext                       0006CB  00005B  000726       D96       0  CODE        2
                text197                        000726  000066  00078C       E4C       0  CODE        2
                text198                        00078C  000074  000800       F18       0  CODE        2
                config                         002007  000001  002008      400E       0  CONFIG      2


UNUSED ADDRESS RANGES

        Name                Unused          Largest block    Delta
        BANK0            0026-006F             4A           1
        BANK1            00A0-00EF             50           1
        BANK2            0110-016F             60           1
        BANK3            0190-01EF             60           1
        CODE             0013-05ED            5DB           2
                         0800-1FFF            800
        COMMON           007D-007D              1           1
        CONST            0013-05ED            100           2
                         0800-1FFF            100
        EEDATA           2100-21FF            100           2
        ENTRY            0013-05ED            100           2
                         0800-1FFF            100
        IDLOC            2000-2003              4           2
        RAM              0026-006F             4A           1
                         00A0-00EF             50
                         0110-016F             60
                         0190-01EF             60
        SFR0             0000-001F             20           1
        SFR1             0080-009F             20           1
        SFR2             0100-010F             10           1
        SFR3             0180-018F             10           1
        STRCODE          0013-05ED            5DB           2
                         0800-1FFF           1800
        STRING           0013-05ED            100           2
                         0800-1FFF            100

                                  Symbol Table

??_Lcd_Command              cstackCOMMON 0070
??_Lcd_Data                 cstackCOMMON 0070
??_Lcd_Intialization        cstackCOMMON 0073
??_Lcd_String               cstackCOMMON 0073
??___awdiv                  cstackCOMMON 0074
??___awmod                  cstackCOMMON 0074
??_divider                  cstackCOMMON 007B
??_main                     cstackCOMMON 007B
?_Lcd_Command               cstackCOMMON 0070
?_Lcd_Data                  cstackCOMMON 0070
?_Lcd_Intialization         cstackCOMMON 0070
?_Lcd_String                cstackCOMMON 0070
?___awdiv                   cstackCOMMON 0070
?___awmod                   cstackCOMMON 0070
?_divider                   cstackCOMMON 0079
?_main                      cstackCOMMON 0070
Lcd_Command@cmd             cstackCOMMON 0072
Lcd_Data@Data               cstackCOMMON 0072
Lcd_String@Str              cstackCOMMON 0074
_CARRY                      (abs)        0018
_EEADR                      (abs)        010D
_EECON1                     (abs)        018C
_EECON2                     (abs)        018D
_EEDATA                     (abs)        010C
_GIE                        (abs)        005F
_Lcd_Command                text196      0626
_Lcd_Data                   text195      0655
_Lcd_Intialization          text193      05F2
_Lcd_String                 text194      0605
_PORTC                      (abs)        0007
_PORTD                      (abs)        0008
_RD                         (abs)        0C60
_RD1                        (abs)        0041
_RD2                        (abs)        0042
_RD3                        (abs)        0043
_TRISC                      (abs)        0087
_TRISD                      (abs)        0088
_WR                         (abs)        0C61
_WREN                       (abs)        0C62
__Habs1                     abs1         0000
__Hbank0                    bank0        0000
__Hbank1                    bank1        0000
__Hbank2                    bank2        0000
__Hbank3                    bank3        0000
__Hcinit                    cinit        0000
__Hclrtext                  clrtext      0000
__Hcode                     code         0000
__Hcommon                   common       0000
__Hconfig                   config       2008
__HcstackBANK0              cstackBANK0  0000
__HcstackCOMMON             cstackCOMMON 0000
__Heeprom_data              eeprom_data  0000
__Hend_init                 end_init     0003
__Hfunctab                  functab      0000
__Hidloc                    idloc        0000
__Hinit                     init         0000
__Hintentry                 intentry     0000
__Hmaintext                 maintext     0000
__Hpowerup                  powerup      0000
__Hram                      ram          0000
__Hreset_vec                reset_vec    0000
__Hsfr0                     sfr0         0000
__Hsfr1                     sfr1         0000
__Hsfr2                     sfr2         0000
__Hsfr3                     sfr3         0000
__Hstrings                  strings      0000
__Htext                     text         0000
__Labs1                     abs1         0000
__Lbank0                    bank0        0000
__Lbank1                    bank1        0000
__Lbank2                    bank2        0000
__Lbank3                    bank3        0000
__Lcinit                    cinit        0000
__Lclrtext                  clrtext      0000
__Lcode                     code         0000
__Lcommon                   common       0000
__Lconfig                   config       2007
__LcstackBANK0              cstackBANK0  0000
__LcstackCOMMON             cstackCOMMON 0000
__Leeprom_data              eeprom_data  0000
__Lend_init                 end_init     0000
__Lfunctab                  functab      0000
__Lidloc                    idloc        0000
__Linit                     init         0000
__Lintentry                 intentry     0000
__Lmaintext                 maintext     0000
__Lpowerup                  powerup      0000
__Lram                      ram          0000
__Lreset_vec                reset_vec    0000
__Lsfr0                     sfr0         0000
__Lsfr1                     sfr1         0000
__Lsfr2                     sfr2         0000
__Lsfr3                     sfr3         0000
__Lstrings                  strings      0000
__Ltext                     text         0000
__S0                        (abs)        2008
__S1                        (abs)        007D
__S2                        (abs)        0000
___awdiv                    text198      078C
___awdiv@counter            cstackCOMMON 0075
___awdiv@dividend           cstackCOMMON 0072
___awdiv@divisor            cstackCOMMON 0070
___awdiv@quotient           cstackCOMMON 0077
___awdiv@sign               cstackCOMMON 0076
___awmod                    text197      0726
___awmod@counter            cstackCOMMON 0075
___awmod@dividend           cstackCOMMON 0072
___awmod@divisor            cstackCOMMON 0070
___awmod@sign               cstackCOMMON 0076
__end_of_Lcd_Command        text196      0655
__end_of_Lcd_Data           text195      0684
__end_of_Lcd_Intialization  text193      0605
__end_of_Lcd_String         text194      0626
__end_of___awdiv            text198      0800
__end_of___awmod            text197      078C
__end_of_divider            text192      06CB
__end_of_main               maintext     0726
__pcstackBANK0              cstackBANK0  0020
__pcstackCOMMON             cstackCOMMON 0070
__pmaintext                 maintext     06CB
__pstrings                  strings      0003
__ptext191                  text191      0000
__ptext192                  text192      0684
__ptext193                  text193      05F2
__ptext194                  text194      0605
__ptext195                  text195      0655
__ptext196                  text196      0626
__ptext197                  text197      0726
__ptext198                  text198      078C
__ptext199                  text199      0000
__size_of_Lcd_Command       (abs)        0000
__size_of_Lcd_Data          (abs)        0000
__size_of_Lcd_Intialization (abs)        0000
__size_of_Lcd_String        (abs)        0000
__size_of___awdiv           (abs)        0000
__size_of___awmod           (abs)        0000
__size_of_divider           (abs)        0000
__size_of_main              (abs)        0000
_divider                    text192      0684
_exit                       init         0000
_main                       maintext     06CB
btemp                       (abs)        007E
divider@Dig1                cstackBANK0  0020
divider@Dig2                cstackBANK0  0022
divider@Temp                cstackBANK0  0024
divider@x                   cstackCOMMON 0079
end_of_initialization       cinit        05EE
intlevel0                   functab      0000
intlevel1                   functab      0000
intlevel2                   functab      0000
intlevel3                   functab      0000
intlevel4                   functab      0000
intlevel5                   functab      0000
main@Count                  cstackCOMMON 007B
reset_vec                   reset_vec    0000
start                       init         0000
start_initialization        cinit        05EE
wtemp0                      (abs)        007E
